// Jest Snapshot v1, https://goo.gl/fbAQLP

exports[`Login Container Should render login page 1`] = `ShallowWrapper {}`;
