// Jest Snapshot v1, https://goo.gl/fbAQLP

exports[`Test ProjectCard component Should render MyProjectCard 1`] = `ShallowWrapper {}`;
