// Jest Snapshot v1, https://goo.gl/fbAQLP

exports[`Register Container Should render register page 1`] = `ShallowWrapper {}`;
